
> xueli-wordspell@0.1.0 test:browser
> playwright test

[WebServer] (node:34287) Warning: The 'NO_COLOR' env is ignored due to the 'FORCE_COLOR' env being set.
[WebServer] (Use `node --trace-warnings ...` to show where the warning was created)

Running 19 tests using 1 worker

(node:34288) Warning: The 'NO_COLOR' env is ignored due to the 'FORCE_COLOR' env being set.
(Use `node --trace-warnings ...` to show where the warning was created)
  ✓   1 tests/browser/art-cutover.spec.mjs:3:1 › asset/audio fallback, retries and corrupt/legacy save protection retain real progress (2.8s)
  ✓   2 tests/browser/learning-06.spec.mjs:21:1 › normal-play motion samples: paper settles before cat crosses; hat stays attached; rapid replacement and cancellation settle latest commit (6.7s)
  ✓   3 tests/browser/learning-06.spec.mjs:164:1 › teaching demo is observable and isolated, partial exposure persists, independent composition neither shows nor plays the complete answer (14.2s)
  ✓   4 tests/browser/learning-06.spec.mjs:247:1 › authored experiments change the isolated activity, not just a celebration (11.7s)
  ✓   5 tests/browser/learning-06.spec.mjs:275:1 › new worn and contained children preserve their first painted position while the desktop scene expands (4.1s)
  ✓   6 tests/browser/learning-06.spec.mjs:328:1 › a failed teaching image cannot yield a completed demonstration; visible words remain recorded (7.7s)
  ✓   7 tests/browser/learning-06.spec.mjs:352:1 › historical v4 bytes are verified and protected in the actual entry before explicit restart (754ms)
  ✓   8 tests/browser/motion.spec.mjs:14:1 › sprite motion follows committed entities; pause, resize and reduced motion never change saved outcomes (9.0s)
  ✓   9 tests/browser/motion.spec.mjs:83:1 › continuous drag avoids a layout per pointer event and cancellation leaves no frame or save change (3.6s)
  ✓  10 tests/browser/native-gestures.spec.mjs:45:5 › chromium: held art, letters and words keep game input; cancellation and records remain usable (11.1s)
  ✓  11 tests/browser/native-gestures.spec.mjs:45:5 › webkit: held art, letters and words keep game input; cancellation and records remain usable (11.6s)
  ✓  12 tests/browser/native-gestures.spec.mjs:106:1 › touch scrolling of the tool remains native while the world stays visible (1.1s)
  ✓  13 tests/browser/picnic.spec.mjs:58:1 › normal story unlocks activities; each of six authored variants played through HTTP, resumed and isolated (24.0s)
  ✓  14 tests/browser/shell.spec.mjs:20:1 › persistent world, scoped touch/keyboard, sheet scrolling, focus and portrait/landscape recovery (4.0s)
  ✓  15 tests/browser/shell.spec.mjs:122:1 › phone full adventure with dragged/reordered sentence tokens and reload during a committed crossing (13.3s)
  ✓  16 tests/browser/shell.spec.mjs:183:1 › scene resource lifecycle defers future backgrounds; retry and pause preserve an in-progress draft (1.0s)
  ✓  17 tests/browser/story.spec.mjs:22:1 › phone normal HTTP entrance: early reversible exploration, all acts, real crossing, sentences, choices and restore (5.5s)
  ✓  18 tests/browser/story.spec.mjs:77:1 › desktop alternative preparation order, sentence reversal and actual world feedback (15.2s)
  ✓  19 tests/browser/story.spec.mjs:120:1 › true touch, cancellation, missed drop, background, keyboard and small/Pad layouts preserve input (5.5s)

  19 passed (2.6m)
